// Vitest Snapshot v1, https://vitest.dev/guide/snapshot.html

exports[`Snapshot test 1`] = `
<DocumentFragment>
  <div
    class="flex min-h-screen flex-col items-center justify-center p-4"
  >
    <h1
      class="mb-6 text-3xl font-bold"
    >
      Board Game Scheduler
    </h1>
    <div
      class="space-y-4"
    >
      <a
        class="inline-flex items-center justify-center gap-2 whitespace-nowrap text-sm font-medium transition-[color,box-shadow] disabled:pointer-events-none disabled:opacity-50 [&_svg]:pointer-events-none [&_svg:not([class*='size-'])]:size-4 [&_svg]:shrink-0 outline-none focus-visible:border-ring focus-visible:ring-ring/50 focus-visible:ring-[3px] aria-invalid:ring-destructive/20 dark:aria-invalid:ring-destructive/40 aria-invalid:border-destructive text-primary-foreground shadow-xs h-9 has-[>svg]:px-3 rounded border border-gray-500 bg-gray-800 px-4 py-2 hover:bg-gray-700"
        data-slot="button"
        data-testid="signIn_button"
        href="/signin"
      >
        Sign In
      </a>
    </div>
  </div>
</DocumentFragment>
`;
